src/components/ui/3d-gallery-photography.tsx(3,28): error TS6133: 'useThree' is declared but its value is never read.
src/components/ui/3d-gallery-photography.tsx(377,19): error TS6133: 'worldZ' is declared but its value is never read.
